[    0.000000] Initializing cgroup subsys cpuset
[    0.000000] Initializing cgroup subsys cpu
[    0.000000] Initializing cgroup subsys cpuacct
[    0.000000] Linux version 4.4.0-210-generic (buildd@lgw01-amd64-009) (gcc version 5.4.0 20160609 (Ubuntu 5.4.0-6ubuntu1~16.04.12) ) #242-Ubuntu SMP Fri Apr 16 09:57:56 UTC 2021 (Ubuntu 4.4.0-210.242-generic 4.4.262)
[    0.000000] Command line: BOOT_IMAGE=/boot/vmlinuz-4.4.0-210-generic root=LABEL=cloudimg-rootfs ro console=tty1 console=ttyS0
[    0.000000] KERNEL supported cpus:
[    0.000000]   Intel GenuineIntel
[    0.000000]   AMD AuthenticAMD
[    0.000000]   Centaur CentaurHauls
[    0.000000] x86/fpu: Legacy x87 FPU detected.
[    0.000000] e820: BIOS-provided physical RAM map:
[    0.000000] BIOS-e820: [mem 0x0000000000000000-0x000000000009fbff] usable
[    0.000000] BIOS-e820: [mem 0x000000000009fc00-0x000000000009ffff] reserved
[    0.000000] BIOS-e820: [mem 0x00000000000f0000-0x00000000000fffff] reserved
[    0.000000] BIOS-e820: [mem 0x0000000000100000-0x0000000080feffff] usable
[    0.000000] BIOS-e820: [mem 0x0000000080ff0000-0x0000000080ffffff] ACPI data
[    0.000000] BIOS-e820: [mem 0x00000000fec00000-0x00000000fec00fff] reserved
[    0.000000] BIOS-e820: [mem 0x00000000fee00000-0x00000000fee00fff] reserved
[    0.000000] BIOS-e820: [mem 0x00000000fffc0000-0x00000000ffffffff] reserved
[    0.000000] NX (Execute Disable) protection: active
[    0.000000] SMBIOS 2.5 present.
[    0.000000] Hypervisor detected: KVM
[    0.000000] e820: last_pfn = 0x80ff0 max_arch_pfn = 0x400000000
[    0.000000] MTRR: Disabled
[    0.000000] x86/PAT: MTRRs disabled, skipping PAT initialization too.
[    0.000000] CPU MTRRs all blank - virtualized system.
[    0.000000] x86/PAT: Configuration [0-7]: WB  WT  UC- UC  WB  WT  UC- UC  
[    0.000000] found SMP MP-table at [mem 0x0009fff0-0x0009ffff] mapped at [ffff88000009fff0]
[    0.000000] Scanning 1 areas for low memory corruption
[    0.000000] RAMDISK: [mem 0x362dc000-0x37165fff]
[    0.000000] ACPI: Early table checksum verification disabled
[    0.000000] ACPI: RSDP 0x00000000000E0000 000024 (v02 VBOX  )
[    0.000000] ACPI: XSDT 0x0000000080FF0030 00003C (v01 VBOX   VBOXXSDT 00000001 ASL  00000061)
[    0.000000] ACPI: FACP 0x0000000080FF00F0 0000F4 (v04 VBOX   VBOXFACP 00000001 ASL  00000061)
[    0.000000] ACPI: DSDT 0x0000000080FF0470 002325 (v02 VBOX   VBOXBIOS 00000002 INTL 20100528)
[    0.000000] ACPI: FACS 0x0000000080FF0200 000040
[    0.000000] ACPI: FACS 0x0000000080FF0200 000040
[    0.000000] ACPI: APIC 0x0000000080FF0240 00005C (v02 VBOX   VBOXAPIC 00000001 ASL  00000061)
[    0.000000] ACPI: SSDT 0x0000000080FF02A0 0001CC (v01 VBOX   VBOXCPUT 00000002 INTL 20100528)
[    0.000000] No NUMA configuration found
[    0.000000] Faking a node at [mem 0x0000000000000000-0x0000000080feffff]
[    0.000000] NODE_DATA(0) allocated [mem 0x80feb000-0x80feffff]
[    0.000000] kvm-clock: Using msrs 4b564d01 and 4b564d00
[    0.000000] kvm-clock: cpu 0, msr 0:80fe3001, primary cpu clock
[    0.000000] kvm-clock: using sched offset of 5180627746 cycles
[    0.000000] clocksource: kvm-clock: mask: 0xffffffffffffffff max_cycles: 0x1cd42e4dffb, max_idle_ns: 881590591483 ns
[    0.000000] Zone ranges:
[    0.000000]   DMA      [mem 0x0000000000001000-0x0000000000ffffff]
[    0.000000]   DMA32    [mem 0x0000000001000000-0x0000000080feffff]
[    0.000000]   Normal   empty
[    0.000000]   Device   empty
[    0.000000] Movable zone start for each node
[    0.000000] Early memory node ranges
[    0.000000]   node   0: [mem 0x0000000000001000-0x000000000009efff]
[    0.000000]   node   0: [mem 0x0000000000100000-0x0000000080feffff]
[    0.000000] Initmem setup node 0 [mem 0x0000000000001000-0x0000000080feffff]
[    0.000000] ACPI: PM-Timer IO Port: 0x4008
[    0.000000] IOAPIC[0]: apic_id 2, version 32, address 0xfec00000, GSI 0-23
[    0.000000] ACPI: INT_SRC_OVR (bus 0 bus_irq 0 global_irq 2 dfl dfl)
[    0.000000] ACPI: INT_SRC_OVR (bus 0 bus_irq 9 global_irq 9 low level)
[    0.000000] Using ACPI (MADT) for SMP configuration information
[    0.000000] smpboot: Allowing 2 CPUs, 0 hotplug CPUs
[    0.000000] PM: Registered nosave memory: [mem 0x00000000-0x00000fff]
[    0.000000] PM: Registered nosave memory: [mem 0x0009f000-0x0009ffff]
[    0.000000] PM: Registered nosave memory: [mem 0x000a0000-0x000effff]
[    0.000000] PM: Registered nosave memory: [mem 0x000f0000-0x000fffff]
[    0.000000] e820: [mem 0x81000000-0xfebfffff] available for PCI devices
[    0.000000] Booting paravirtualized kernel on KVM
[    0.000000] clocksource: refined-jiffies: mask: 0xffffffff max_cycles: 0xffffffff, max_idle_ns: 7645519600211568 ns
[    0.000000] setup_percpu: NR_CPUS:512 nr_cpumask_bits:512 nr_cpu_ids:2 nr_node_ids:1
[    0.000000] PERCPU: Embedded 33 pages/cpu @ffff880080c00000 s95192 r8192 d31784 u1048576
[    0.000000] Built 1 zonelists in Node order, mobility grouping on.  Total pages: 519992
[    0.000000] Policy zone: DMA32
[    0.000000] Kernel command line: BOOT_IMAGE=/boot/vmlinuz-4.4.0-210-generic root=LABEL=cloudimg-rootfs ro console=tty1 console=ttyS0
[    0.000000] PID hash table entries: 4096 (order: 3, 32768 bytes)
[    0.000000] Memory: 2044320K/2113080K available (8644K kernel code, 1332K rwdata, 4044K rodata, 1492K init, 1164K bss, 68760K reserved, 0K cma-reserved)
[    0.000000] SLUB: HWalign=64, Order=0-3, MinObjects=0, CPUs=2, Nodes=1
[    0.000000] Kernel/User page tables isolation: enabled
[    0.000000] Hierarchical RCU implementation.
[    0.000000] 	Build-time adjustment of leaf fanout to 64.
[    0.000000] 	RCU restricting CPUs from NR_CPUS=512 to nr_cpu_ids=2.
[    0.000000] RCU: Adjusting geometry for rcu_fanout_leaf=64, nr_cpu_ids=2
[    0.000000] NR_IRQS:33024 nr_irqs:440 16
[    0.000000] Console: colour VGA+ 80x25
[    0.000000] console [tty1] enabled
[    0.000000] console [ttyS0] enabled
[    0.000000] tsc: Detected 2691.246 MHz processor
[    0.937598] Calibrating delay loop (skipped) preset value.. 5382.49 BogoMIPS (lpj=10764984)
[    0.949354] pid_max: default: 32768 minimum: 301
[    0.955269] ACPI: Core revision 20150930
[    0.965196] ACPI: 2 ACPI AML tables successfully acquired and loaded
[    0.976118] Security Framework initialized
[    0.982143] Yama: becoming mindful.
[    0.988027] AppArmor: AppArmor initialized
[    0.993407] Dentry cache hash table entries: 262144 (order: 9, 2097152 bytes)
[    1.016853] Inode-cache hash table entries: 131072 (order: 8, 1048576 bytes)
[    1.037381] Mount-cache hash table entries: 4096 (order: 3, 32768 bytes)
[    1.052646] Mountpoint-cache hash table entries: 4096 (order: 3, 32768 bytes)
[    1.069985] Initializing cgroup subsys io
[    1.075071] Initializing cgroup subsys memory
[    1.083141] Initializing cgroup subsys devices
[    1.092888] Initializing cgroup subsys freezer
[    1.100056] Initializing cgroup subsys net_cls
[    1.106035] Initializing cgroup subsys perf_event
[    1.116804] Initializing cgroup subsys net_prio
[    1.125366] Initializing cgroup subsys hugetlb
[    1.135401] Initializing cgroup subsys pids
[    1.143243] mce: CPU supports 0 MCE banks
[    1.152179] Last level iTLB entries: 4KB 512, 2MB 8, 4MB 8
[    1.165633] Last level dTLB entries: 4KB 512, 2MB 32, 4MB 32, 1GB 0
[    1.177550] Spectre V1 : Mitigation: usercopy/swapgs barriers and __user pointer sanitization
[    1.194725] Spectre V2 : Mitigation: Full generic retpoline
[    1.209136] Spectre V2 : Spectre v2 / SpectreRSB mitigation: Filling RSB on context switch
[    1.226653] Speculative Store Bypass: Vulnerable
[    1.234574] MDS: Mitigation: Clear CPU buffers
[    1.298204] Freeing SMP alternatives memory: 36K
[    1.428746] ftrace: allocating 32380 entries in 127 pages
[    2.282372] smpboot: APIC(0) Converting physical 0 to logical package 0
[    2.368722] smpboot: Max logical packages: 1
[    2.394650] ..TIMER: vector=0x30 apic1=0 pin1=2 apic2=-1 pin2=-1
[    2.512129] smpboot: CPU0: Intel(R) Core(TM) i7-3740QM CPU @ 2.70GHz (family: 0x6, model: 0x3a, stepping: 0x9)
[    2.529924] Performance Events: unsupported p6 CPU model 58 no PMU driver, software events only.
[    2.668257] KVM setup paravirtual spinlock
[    2.677339] x86: Booting SMP configuration:
[    2.683597] .... node  #0, CPUs:      #1
[    2.690578] kvm-clock: cpu 1, msr 0:80fe3041, secondary cpu clock
[    2.698235] mce: CPU supports 0 MCE banks
[    2.703361] TSC synchronization [CPU#0 -> CPU#1]:
[    2.710013] Measured 89812 cycles TSC warp between CPUs, turning off TSC clock.
[    2.719901] tsc: Marking TSC unstable due to check_tsc_sync_source failed
[    2.729241] x86: Booted up 1 node, 2 CPUs
[    2.734845] smpboot: Total of 2 processors activated (10764.98 BogoMIPS)
[    0.380011] devtmpfs: initialized
[    0.384000] evm: security.selinux
[    0.384000] evm: security.SMACK64
[    0.384000] evm: security.SMACK64EXEC
[    0.384000] evm: security.SMACK64TRANSMUTE
[    0.384000] evm: security.SMACK64MMAP
[    0.384000] evm: security.ima
[    0.384000] evm: security.capability
[    0.384636] clocksource: jiffies: mask: 0xffffffff max_cycles: 0xffffffff, max_idle_ns: 7645041785100000 ns
[    0.388000] futex hash table entries: 512 (order: 3, 32768 bytes)
[    0.388000] pinctrl core: initialized pinctrl subsystem
[    0.388000] RTC time:  1:13:40, date: 07/14/22
[    0.388000] NET: Registered protocol family 16
[    0.396023] cpuidle: using governor ladder
[    0.408012] cpuidle: using governor menu
[    0.412000] PCCT header not found.
[    0.412000] ACPI: bus type PCI registered
[    0.412000] acpiphp: ACPI Hot Plug PCI Controller Driver version: 0.5
[    0.412000] PCI: Using configuration type 1 for base access
[    0.424975] ACPI: Added _OSI(Module Device)
[    0.428000] ACPI: Added _OSI(Processor Device)
[    0.428000] ACPI: Added _OSI(3.0 _SCP Extensions)
[    0.428000] ACPI: Added _OSI(Processor Aggregator Device)
[    0.432543] ACPI: Executed 1 blocks of module-level executable AML code
[    0.443268] ACPI: Interpreter enabled
[    0.444000] ACPI: (supports S0 S5)
[    0.444000] ACPI: Using IOAPIC for interrupt routing
[    0.444732] PCI: Using host bridge windows from ACPI; if necessary, use "pci=nocrs" and report a bug
[    0.461418] ACPI: PCI Root Bridge [PCI0] (domain 0000 [bus 00-ff])
[    0.464000] acpi PNP0A03:00: _OSC: OS supports [ASPM ClockPM Segments MSI]
[    0.465069] acpi PNP0A03:00: _OSC: not requesting OS control; OS requires [ExtendedConfig ASPM ClockPM MSI]
[    0.468000] acpi PNP0A03:00: fail to add MMCONFIG information, can't access extended PCI configuration space under this bridge.
[    0.468973] PCI host bridge to bus 0000:00
[    0.472000] pci_bus 0000:00: root bus resource [io  0x0000-0x0cf7 window]
[    0.472000] pci_bus 0000:00: root bus resource [io  0x0d00-0xffff window]
[    0.472000] pci_bus 0000:00: root bus resource [mem 0x000a0000-0x000bffff window]
[    0.472000] pci_bus 0000:00: root bus resource [mem 0x81000000-0xfdffffff window]
[    0.472000] pci_bus 0000:00: root bus resource [bus 00-ff]
[    0.479102] pci 0000:00:01.1: legacy IDE quirk: reg 0x10: [io  0x01f0-0x01f7]
[    0.480000] pci 0000:00:01.1: legacy IDE quirk: reg 0x14: [io  0x03f6]
[    0.480000] pci 0000:00:01.1: legacy IDE quirk: reg 0x18: [io  0x0170-0x0177]
[    0.480000] pci 0000:00:01.1: legacy IDE quirk: reg 0x1c: [io  0x0376]
[    0.503094] pci 0000:00:07.0: quirk: [io  0x4000-0x403f] claimed by PIIX4 ACPI
[    0.504000] pci 0000:00:07.0: quirk: [io  0x4100-0x410f] claimed by PIIX4 SMB
[    0.516143] ACPI: PCI Interrupt Link [LNKA] (IRQs 5 9 10 *11)
[    0.520576] ACPI: PCI Interrupt Link [LNKB] (IRQs 5 9 *10 11)
[    0.524000] ACPI: PCI Interrupt Link [LNKC] (IRQs 5 *9 10 11)
[    0.524000] ACPI: PCI Interrupt Link [LNKD] (IRQs 5 9 10 *11)
[    0.524000] ACPI: Enabled 2 GPEs in block 00 to 07
[    0.524241] vgaarb: setting as boot device: PCI:0000:00:02.0
[    0.528000] vgaarb: device added: PCI:0000:00:02.0,decodes=io+mem,owns=io+mem,locks=none
[    0.528000] vgaarb: loaded
[    0.528000] vgaarb: bridge control possible 0000:00:02.0
[    0.528000] SCSI subsystem initialized
[    0.528534] ACPI: bus type USB registered
[    0.532000] usbcore: registered new interface driver usbfs
[    0.532000] usbcore: registered new interface driver hub
[    0.532000] usbcore: registered new device driver usb
[    0.532772] PCI: Using ACPI for IRQ routing
[    0.536000] NetLabel: Initializing
[    0.536000] NetLabel:  domain hash size = 128
[    0.536000] NetLabel:  protocols = UNLABELED CIPSOv4
[    0.536000] NetLabel:  unlabeled traffic allowed by default
[    0.536296] amd_nb: Cannot enumerate AMD northbridges
[    0.540000] clocksource: Switched to clocksource kvm-clock
[    0.540000] AppArmor: AppArmor Filesystem Enabled
[    0.540000] pnp: PnP ACPI init
[    0.594976] pnp: PnP ACPI: found 3 devices
[    0.656431] clocksource: acpi_pm: mask: 0xffffff max_cycles: 0xffffff, max_idle_ns: 2085701024 ns
[    0.660357] NET: Registered protocol family 2
[    0.660357] TCP established hash table entries: 16384 (order: 5, 131072 bytes)
[    0.674330] TCP bind hash table entries: 16384 (order: 6, 262144 bytes)
[    0.674330] TCP: Hash tables configured (established 16384 bind 16384)
[    0.674330] UDP hash table entries: 1024 (order: 3, 32768 bytes)
[    0.674330] UDP-Lite hash table entries: 1024 (order: 3, 32768 bytes)
[    0.674330] NET: Registered protocol family 1
[    0.674330] pci 0000:00:00.0: Limiting direct PCI/PCI transfers
[    0.674330] pci 0000:00:01.0: Activating ISA DMA hang workarounds
[    0.674330] Unpacking initramfs...
[    0.674506] Freeing initrd memory: 14888K
[    1.199179] RAPL PMU detected, API unit is 2^-32 Joules, 3 fixed counters 10737418240 ms ovfl timer
[    1.202799] hw unit of domain pp0-core 2^-0 Joules
[    1.202799] hw unit of domain package 2^-0 Joules
[    1.202799] hw unit of domain pp1-gpu 2^-0 Joules
[    1.202799] clocksource: tsc: mask: 0xffffffffffffffff max_cycles: 0x26caf0c6448, max_idle_ns: 440795282289 ns
[    1.202799] platform rtc_cmos: registered platform RTC device (no PNP device found)
[    1.202799] Scanning for low memory corruption every 60 seconds
[    1.263548] audit: initializing netlink subsys (disabled)
[    1.268958] audit: type=2000 audit(1657761225.082:1): initialized
[    1.268958] Initialise system trusted keyring
[    1.290379] HugeTLB registered 2 MB page size, pre-allocated 0 pages
[    1.296454] zbud: loaded
[    1.307677] VFS: Disk quotas dquot_6.6.0
[    1.311251] VFS: Dquot-cache hash table entries: 512 (order 0, 4096 bytes)
[    1.311251] squashfs: version 4.0 (2009/01/31) Phillip Lougher
[    1.329831] fuse init (API version 7.23)
[    1.335592] Key type big_key registered
[    1.339179] Allocating IMA MOK and blacklist keyrings.
[    1.363034] Key type asymmetric registered
[    1.366905] Asymmetric key parser 'x509' registered
[    1.366905] Block layer SCSI generic (bsg) driver version 0.4 loaded (major 249)
[    1.385609] io scheduler noop registered
[    1.389343] io scheduler deadline registered (default)
[    1.389343] io scheduler cfq registered
[    1.389343] pci_hotplug: PCI Hot Plug PCI Core version: 0.5
[    1.389343] pciehp: PCI Express Hot Plug Controller Driver version: 0.4
[    1.417708] ACPI: AC Adapter [AC] (on-line)
[    1.421561] input: Power Button as /devices/LNXSYSTM:00/LNXPWRBN:00/input/input0
[    1.421561] ACPI: Power Button [PWRF]
[    1.439948] input: Sleep Button as /devices/LNXSYSTM:00/LNXSLPBN:00/input/input1
[    1.443612] ACPI: Sleep Button [SLPF]
[    1.455953] GHES: HEST is not enabled!
[    1.457935] ACPI: Battery Slot [BAT0] (battery present)
[    1.468394] Serial: 8250/16550 driver, 32 ports, IRQ sharing enabled
[    1.468394] 00:02: ttyS0 at I/O 0x3f8 (irq = 4, base_baud = 115200) is a 16550A
[    1.540061] Linux agpgart interface v0.103
[    1.564651] loop: module loaded
[    1.573320] scsi host0: ata_piix
[    1.579350] scsi host1: ata_piix
[    1.583236] ata1: PATA max UDMA/33 cmd 0x1f0 ctl 0x3f6 bmdma 0xd000 irq 14
[    1.583236] ata2: PATA max UDMA/33 cmd 0x170 ctl 0x376 bmdma 0xd008 irq 15
[    1.583236] libphy: Fixed MDIO Bus: probed
[    1.602763] tun: Universal TUN/TAP device driver, 1.6
[    1.602763] tun: (C) 1999-2004 Max Krasnyansky <maxk@qualcomm.com>
[    1.624083] PPP generic driver version 2.4.2
[    1.629354] ehci_hcd: USB 2.0 'Enhanced' Host Controller (EHCI) Driver
[    1.633283] ehci-pci: EHCI PCI platform driver
[    1.633283] ehci-platform: EHCI generic platform driver
[    1.633283] ohci_hcd: USB 1.1 'Open' Host Controller (OHCI) Driver
[    1.633283] ohci-pci: OHCI PCI platform driver
[    1.633283] ohci-platform: OHCI generic platform driver
[    1.633283] uhci_hcd: USB Universal Host Controller Interface driver
[    1.633283] i8042: PNP: PS/2 Controller [PNP0303:PS2K,PNP0f03:PS2M] at 0x60,0x64 irq 1,12
[    1.693284] serio: i8042 KBD port at 0x60,0x64 irq 1
[    1.696500] serio: i8042 AUX port at 0x60,0x64 irq 12
[    1.707754] mousedev: PS/2 mouse device common for all mice
[    1.718872] rtc_cmos rtc_cmos: rtc core: registered rtc_cmos as rtc0
[    1.722856] rtc_cmos rtc_cmos: alarms up to one day, 114 bytes nvram
[    1.732594] i2c /dev entries driver
[    1.732594] device-mapper: uevent: version 1.0.3
[    1.748785] device-mapper: ioctl: 4.34.0-ioctl (2015-10-28) initialised: dm-devel@redhat.com
[    1.752610] ledtrig-cpu: registered to indicate activity on CPUs
[    1.799622] NET: Registered protocol family 10
[    1.808426] NET: Registered protocol family 17
[    1.812057] Key type dns_resolver registered
[    1.824320] input: AT Translated Set 2 keyboard as /devices/platform/i8042/serio0/input/input2
[    1.832683] registered taskstats version 1
[    1.832695] Loading compiled-in X.509 certificates
[    1.833314] Loaded X.509 cert 'Build time autogenerated kernel key: cf00e047681d67edb2720680708b7d9498083038'
[    1.833340] zswap: loaded using pool lzo/zbud
[    1.889363] Key type trusted registered
[    1.909175] Key type encrypted registered
[    1.916280] AppArmor: AppArmor sha1 policy hashing enabled
[    1.916280] ima: No TPM chip found, activating TPM-bypass!
[    1.916280] ima: Allocated hash algorithm: sha1
[    1.916280] evm: HMAC attrs: 0x1
[    1.950215]   Magic number: 14:328:205
[    1.954192] rtc_cmos rtc_cmos: setting system clock to 2022-07-14 01:13:41 UTC (1657761221)
[    1.969652] BIOS EDD facility v0.16 2004-Jun-25, 0 devices found
[    1.973411] EDD information not available.
[    1.987441] Freeing unused kernel memory: 1492K
[    1.996304] Write protecting the kernel read-only data: 14336k
[    2.000226] Freeing unused kernel memory: 1584K
[    2.000226] Freeing unused kernel memory: 52K
Loading, please wait...
starting version[    2.055040] random: systemd-udevd: uninitialized urandom read (16 bytes read, 5 bits of entropy available)
[    2.055473] random: udevadm: uninitialized urandom read (16 bytes read, 5 bits of entropy available)
[    2.055514] random: udevadm: uninitialized urandom read (16 bytes read, 5 bits of entropy available)
[    2.075218] random: udevadm: uninitialized urandom read (16 bytes read, 5 bits of entropy available)
[    2.075307] random: udevadm: uninitialized urandom read (16 bytes read, 5 bits of entropy available)
[    2.075704] random: udevadm: uninitialized urandom read (16 bytes read, 5 bits of entropy available)
[    2.075830] random: udevadm: uninitialized urandom read (16 bytes read, 5 bits of entropy available)
[    2.075961] random: udevadm: uninitialized urandom read (16 bytes read, 5 bits of entropy available)
[    2.076407] random: udevadm: uninitialized urandom read (16 bytes read, 5 bits of entropy available)
[    2.076599] random: udevadm: uninitialized urandom read (16 bytes read, 5 bits of entropy available)
[    2.251294] e1000: Intel(R) PRO/1000 Network Driver - version 7.3.21-k8-NAPI
[    2.254184] e1000: Copyright (c) 1999-2006 Intel Corporation.
[    2.282620] Fusion MPT base driver 3.04.20
[    2.284998] Copyright (c) 1999-2008 LSI Corporation
 229
[    2.426619] Fusion MPT SPI Host driver 3.04.20
[    3.060037] input: ImExPS/2 Generic Explorer Mouse as /devices/platform/i8042/serio1/input/input4
[    3.089338] e1000 0000:00:03.0 eth0: (PCI:33MHz:32-bit) 02:be:82:6b:cc:1d
[    3.093090] e1000 0000:00:03.0 eth0: Intel(R) PRO/1000 Network Connection
[    3.914821] e1000 0000:00:08.0 eth1: (PCI:33MHz:32-bit) 08:00:27:0e:68:2d
[    3.918558] e1000 0000:00:08.0 eth1: Intel(R) PRO/1000 Network Connection
[    3.934470] e1000 0000:00:03.0 enp0s3: renamed from eth0
[    3.946189] mptbase: ioc0: Initiating bringup
[    3.962669] e1000 0000:00:08.0 enp0s8: renamed from eth1
[    4.033840] ioc0: LSI53C1030 A0: Capabilities={Initiator}
[    4.622092] scsi host2: ioc0: LSI53C1030 A0, FwRev=00000000h, Ports=1, MaxQ=256, IRQ=20
[    4.784526] scsi 2:0:0:0: Direct-Access     VBOX     HARDDISK         1.0  PQ: 0 ANSI: 5
[    4.788290] scsi target2:0:0: Beginning Domain Validation
[    4.814769] scsi target2:0:0: Domain Validation skipping write tests
[    4.818514] scsi target2:0:0: Ending Domain Validation
[    4.831723] scsi target2:0:0: asynchronous
[    4.841515] scsi 2:0:1:0: Direct-Access     VBOX     HARDDISK         1.0  PQ: 0 ANSI: 5
[    4.845277] scsi target2:0:1: Beginning Domain Validation
[    4.922426] scsi target2:0:1: Domain Validation skipping write tests
[    4.925266] scsi target2:0:1: Ending Domain Validation
[    4.939650] scsi target2:0:1: asynchronous
[    4.989300] sd 2:0:0:0: Attached scsi generic sg0 type 0
[    4.996403] sd 2:0:1:0: Attached scsi generic sg1 type 0
[    5.008717] sd 2:0:1:0: [sdb] 20480 512-byte logical blocks: (10.5 MB/10.0 MiB)
[    5.008753] sd 2:0:0:0: [sda] 83886080 512-byte logical blocks: (42.9 GB/40.0 GiB)
[    5.035588] sd 2:0:1:0: [sdb] Write Protect is off
[    5.035704] sd 2:0:0:0: [sda] Write Protect is off
[    5.054017] sd 2:0:1:0: [sdb] Incomplete mode parameter data
[    5.053985] sd 2:0:0:0: [sda] Incomplete mode parameter data
[    5.053987] sd 2:0:0:0: [sda] Assuming drive cache: write through
[    5.057541] sd 2:0:1:0: [sdb] Assuming drive cache: write through
[    5.209990]  sda: sda1
[    5.218251] sd 2:0:0:0: [sda] Attached SCSI disk
[    5.275003] sd 2:0:1:0: [sdb] Attached SCSI disk
Begin: Loading essential drivers ... [    7.321371] md: linear personality registered for level -1
[    7.337581] md: multipath personality registered for level -4
[    7.351259] md: raid0 personality registered for level 0
[    7.377889] md: raid1 personality registered for level 1
[    7.464808] raid6: sse2x1   gen()  7334 MB/s
[    8.096223] raid6: sse2x1   xor()  3576 MB/s
[   10.037741] raid6: sse2x2   gen() 124240 MB/s
[   11.096851] raid6: sse2x2   xor()  5701 MB/s
[   12.104356] raid6: sse2x4   gen()  9180 MB/s
[   14.040388] raid6: sse2x4   xor() 124500 MB/s
[   14.044321] raid6: using algorithm sse2x2 gen() 124240 MB/s
[   14.044321] raid6: .... xor() 5701 MB/s, rmw enabled
[   14.044321] raid6: using ssse3x2 recovery algorithm
[   14.073817] xor: measuring software checksum speed
[   19.044561]    prefetch64-sse: -448785.-296 MB/sec
[   21.084174]    generic_sse: -551478.-296 MB/sec
[   21.088112] xor: using function: prefetch64-sse (-448785.-296 MB/sec)
[   21.109025] async_tx: api initialized (async)
[   21.181997] md: raid6 personality registered for level 6
[   21.185495] md: raid5 personality registered for level 5
[   21.185495] md: raid4 personality registered for level 4
[   21.233851] md: raid10 personality registered for level 10
done.
Begin: Running /scripts/init-premount ... done.
Begin: Mounting root file system ... Begin: Running /scripts/local-top ... done.
Begin: Running /scripts/local-premount ... [   21.342150] Btrfs loaded
Scanning for Btrfs filesystems
done.
Warning: fsck not present, so skipping root file system
[   22.901665] EXT4-fs (sda1): mounted filesystem with ordered data mode. Opts: (null)
done.
Begin: Running /scripts/local-bottom ... done.
Begin: Running /scripts/init-bottom ... done.
[   23.292890] random: nonblocking pool is initialized
[   23.938142] systemd[1]: systemd 229 running in system mode. (+PAM +AUDIT +SELINUX +IMA +APPARMOR +SMACK +SYSVINIT +UTMP +LIBCRYPTSETUP +GCRYPT +GNUTLS +ACL +XZ -LZ4 +SECCOMP +BLKID +ELFUTILS +KMOD -IDN)
[   23.940782] systemd[1]: Detected virtualization oracle.
[   23.940782] systemd[1]: Detected architecture x86-64.

Welcome to [1mUbuntu 16.04.7 LTS[0m!

[   24.107336] systemd[1]: Set hostname to <ubuntu>.
[   24.155713] systemd[1]: Initializing machine ID from random generator.
[   24.159503] systemd[1]: Installed transient /etc/machine-id file.
[   25.112540] systemd[1]: Listening on LVM2 metadata daemon socket.
[[0;32m  OK  [0m] Listening on LVM2 metadata daemon socket.
[   25.125276] systemd[1]: Reached target System Time Synchronized.
[[0;32m  OK  [0m] Reached target System Time Synchronized.
[   25.138359] systemd[1]: Reached target User and Group Name Lookups.
[[0;32m  OK  [0m] Reached target User and Group Name Lookups.
[   25.150815] systemd[1]: Reached target Encrypted Volumes.
[[0;32m  OK  [0m] Reached target Encrypted Volumes.
[   25.163959] systemd[1]: Listening on /dev/initctl Compatibility Named Pipe.
[[0;32m  OK  [0m] Listening on /dev/initctl Compatibility Named Pipe.
[   25.180562] systemd[1]: Listening on Journal Socket (/dev/log).
[[0;32m  OK  [0m] Listening on Journal Socket (/dev/log).
[   25.194133] systemd[1]: Listening on Syslog Socket.
[[0;32m  OK  [0m] Listening on Syslog Socket.
[   25.206556] systemd[1]: Listening on udev Control Socket.
[[0;32m  OK  [0m] Listening on udev Control Socket.
[   25.219942] systemd[1]: Started Trigger resolvconf update for networkd DNS.
[[0;32m  OK  [0m] Started Trigger resolvconf update for networkd DNS.
[   25.236525] systemd[1]: Listening on fsck to fsckd communication Socket.
[[0;32m  OK  [0m] Listening on fsck to fsckd communication Socket.
[   25.252859] systemd[1]: Listening on udev Kernel Socket.
[[0;32m  OK  [0m] Listening on udev Kernel Socket.
[   25.266884] systemd[1]: Created slice System Slice.
[[0;32m  OK  [0m] Created slice System Slice.
[   25.280709] systemd[1]: Created slice system-serial\x2dgetty.slice.
[[0;32m  OK  [0m] Created slice system-serial\x2dgetty.slice.
[   25.295481] systemd[1]: Reached target Swap.
[[0;32m  OK  [0m] Reached target Swap.
[   25.307505] systemd[1]: Set up automount Arbitrary Executable File Formats File System Automount Point.
[[0;32m  OK  [0m] Set up automount Arbitrary Executab...ats File System Automount Point.
[   25.326220] systemd[1]: Started Forward Password Requests to Wall Directory Watch.
[[0;32m  OK  [0m] Started Forward Password Requests to Wall Directory Watch.
[   25.342022] systemd[1]: Listening on LVM2 poll daemon socket.
[[0;32m  OK  [0m] Listening on LVM2 poll daemon socket.
[   25.354001] systemd[1]: Created slice User and Session Slice.
[[0;32m  OK  [0m] Created slice User and Session Slice.
[   25.365948] systemd[1]: Reached target Slices.
[[0;32m  OK  [0m] Reached target Slices.
[   25.375961] systemd[1]: Listening on Journal Audit Socket.
[[0;32m  OK  [0m] Listening on Journal Audit Socket.
[   25.388426] systemd[1]: Listening on Device-mapper event daemon FIFOs.
[[0;32m  OK  [0m] Listening on Device-mapper event daemon FIFOs.
[   25.401025] systemd[1]: Listening on Journal Socket.
[[0;32m  OK  [0m] Listening on Journal Socket.
[   25.424443] systemd[1]: Starting Journal Service...
         Starting Journal Service...
[   25.444803] systemd[1]: Starting Create list of required static device nodes for the current kernel...
         Starting Create list of required st... nodes for the current kernel...
[   25.463483] systemd[1]: Starting Monitoring of LVM2 mirrors, snapshots etc. using dmeventd or progress polling...
         Starting Monitoring of LVM2 mirrors... dmeventd or progress polling...
[   25.483495] systemd[1]: Mounting Huge Pages File System...
         Mounting Huge Pages File System...
[   25.497720] systemd[1]: Starting Set console keymap...
         Starting Set console keymap...
[   25.511518] systemd[1]: Starting Nameserver information manager...
         Starting Nameserver information manager...
[   25.525923] systemd[1]: Mounting Debug File System...
         Mounting Debug File System...
[   25.537615] systemd[1]: Starting Uncomplicated firewall...
         Starting Uncomplicated firewall...
[   25.550947] systemd[1]: Starting File System Check on Root Device...
         Starting File System Check on Root Device...
[   25.566308] systemd[1]: Mounting POSIX Message Queue File System...
         Mounting POSIX Message Queue File System...
[   25.633290] systemd[1]: Starting Load Kernel Modules...
         Starting Load Kernel Modules...
[   25.647459] systemd[1]: Mounted Huge Pages File System.
[[0;32m  OK  [0m] Mounted Huge Pages File System.
[   25.678176] systemd[1]: Mounted POSIX Message Queue File System.
[[0;32m  OK  [0m] Mounted POSIX Message Queue File System.
[   25.693371] systemd[1]: Mounted Debug File System.
[[0;32m  OK  [0m] Mounted Debug File System.
[   25.706525] systemd[1]: Started Journal Service.
[[0;32m  OK  [0m] Started Journal Service.
[[0;32m  OK  [0m] Started Create list of required sta...ce nodes for the current kernel.
[[0;32m  OK  [0m] Started Uncomplicated firewall.
[[0;32m  OK  [0m] Started File System Check Daemon to report status.
         Starting Create Static Device Nodes in /dev...
[[0;32m  OK  [0m] Started Nameserver information manager.
[[0;32m  OK  [0m] Started Set console keymap.
[   25.934639] Loading iSCSI transport class v2.0-870.
[[0;32m  OK  [0m] Started LVM2 metadata daemon.
[[0;32m  OK  [0m] Started File System Check on Root Device.
         Starting Remount Root and Kernel File Systems...
[   26.056481] EXT4-fs (sda1): re-mounted. Opts: (null)
[[0;32m  OK  [0m] Started Remount Root and Kernel File Systems.
         Starting Flush Journal to Persistent Storage...
[   26.094237] iscsi: registered transport (tcp)
         Starting udev Coldplug all Devices...
         Starting Load/Save Random Seed...
[[0;32m  OK  [0m] Started Load/Save Random Seed.
[[0;32m  OK  [0m] Started udev Coldplug all Devices.
[   26.356535] systemd-journald[353]: Received request to flush runtime journal from PID 1
[[0;32m  OK  [0m] Started Flush Journal to Persistent Storage.
[[0;32m  OK  [0m] Started Create Static Device Nodes in /dev.
[[0;32m  OK  [0m] Started Monitoring of LVM2 mirrors,...ng dmeventd or progress polling.
[[0;32m  OK  [0m] Reached target Local File Systems (Pre).
[[0;32m  OK  [0m] Reached target Local File Systems.
         Starting Set console font and keymap...
         Starting Create Volatile Files and Directories...
         Starting Initial cloud-init job (pre-networking)...
         Starting LSB: AppArmor initialization...
[   26.974172] iscsi: registered transport (iser)
         Starting Commit a transient machine-id on disk...
         Starting Tell Plymouth To Write Out Runtime Data...
         Starting udev Kernel Device Manager...
[[0;32m  OK  [0m] Started Load Kernel Modules.
[[0;32m  OK  [0m] Started Create Volatile Files and Directories.
         Starting Update UTMP about System Boot/Shutdown...
         Starting Apply Kernel Variables...
         Mounting FUSE Control File System...
[[0;32m  OK  [0m] Mounted FUSE Control File System.
[[0;32m  OK  [0m] Started Update UTMP about System Boot/Shutdown.
[[0;32m  OK  [0m] Started Commit a transient machine-id on disk.
[[0;32m  OK  [0m] Started Tell Plymouth To Write Out Runtime Data.
[[0;32m  OK  [0m] Started Apply Kernel Variables.
[[0;32m  OK  [0m] Started udev Kernel Device Manager.
[[0;32m  OK  [0m] Started Dispatch Password Requests to Console Directory Watch.
[[0;32m  OK  [0m] Found device /dev/ttyS0.
[[0;32m  OK  [0m] Listening on Load/Save RF Kill Switch Status /dev/rfkill Watch.
[[0;32m  OK  [0m] Started LSB: AppArmor initialization.
         Starting Load AppArmor profiles managed internally by snapd...
[[0;32m  OK  [0m] Started Load AppArmor profiles managed internally by snapd.
[[0;32m  OK  [0m] Started Set console font and keymap.
[[0;32m  OK  [0m] Created slice system-getty.slice.
[   34.513354] cloud-init[446]: Cloud-init v. 21.1-19-gbad84ad4-0ubuntu1~16.04.2 running 'init-local' at Thu, 14 Jul 2022 01:14:13 +0000. Up 33.91 seconds.
[[0;32m  OK  [0m] Started Initial cloud-init job (pre-networking).
[[0;32m  OK  [0m] Reached target Network (Pre).
         Starting Raise network interfaces...
[[0;32m  OK  [0m] Started Raise network interfaces.
         Starting Initial cloud-init job (metadata service crawler)...
[[0;32m  OK  [0m] Reached target Network.
[   38.322049] cloud-init[943]: Cloud-init v. 21.1-19-gbad84ad4-0ubuntu1~16.04.2 running 'init' at Thu, 14 Jul 2022 01:14:15 +0000. Up 35.54 seconds.
[[0;32m  OK  [0m] Started Initial cloud-init job (metadata service crawler).
[   38.389349] cloud-init[943]: ci-info: ++++++++++++++++++++++++++++++++++++++Net device info+++++++++++++++++++++++++++++++++++++++
[   38.405847] cloud-init[943]: ci-info: +--------+-------+----------------------------+---------------+--------+-------------------+
[   38.407572] cloud-init[943]: ci-info: | Device |   Up  |          Address           |      Mask     | Scope  |     Hw-Address    |
[   38.407665] cloud-init[943]: ci-info: +--------+-------+----------------------------+---------------+--------+-------------------+
[   38.416636] cloud-init[943]: ci-info: | enp0s3 |  True |         10.0.2.15          | 255.255.255.0 | global | 02:be:82:6b:cc:1d |
[   38.430077] cloud-init[943]: ci-info: | enp0s3 |  True | fe80::be:82ff:fe6b:cc1d/64 |       .       |  link  | 02:be:82:6b:cc:1d |
[[0;32m  OK  [0m] Reached target System Initialization.
[   38.431956] cloud-init[943]: ci-info: | enp0s8 | False |             .              |       .       |   .    | 08:00:27:0e:68:2d |
[   38.442715] cloud-init[943]: ci-info: |   lo   |  True |         127.0.0.1          |   255.0.0.0   |  host  |         .         |
[   38.442814] cloud-init[943]: ci-info: |   lo   |  True |          ::1/128           |       .       |  host  |         .         |
[   38.442910] cloud-init[943]: ci-info: +--------+-------+----------------------------+---------------+--------+-------------------+
[   38.443000] cloud-init[943]: ci-info: +++++++++++++++++++++++++++Route IPv4 info++++++++++++++++++++++++++++
[   38.443839] cloud-init[943]: ci-info: +-------+-------------+----------+---------------+-----------+-------+
[   38.453695] cloud-init[943]: ci-info: | Route | Destination | Gateway  |    Genmask    | Interface | Flags |
[   38.455274] cloud-init[943]: ci-info: +-------+-------------+----------+---------------+-----------+-------+
[   38.456080] cloud-init[943]: ci-info: |   0   |   0.0.0.0   | 10.0.2.2 |    0.0.0.0    |   enp0s3  |   UG  |
[   38.456877] cloud-init[943]: ci-info: |   1   |   10.0.2.0  | 0.0.0.0  | 255.255.255.0 |   enp0s3  |   U   |
[   38.457703] cloud-init[943]: ci-info: +-------+-------------+----------+---------------+-----------+-------+
[   38.470186] cloud-init[943]: ci-info: +++++++++++++++++++Route IPv6 info+++++++++++++++++++
[   38.474643] cloud-init[943]: ci-info: +-------+-------------+---------+-----------+-------+
[   38.479995] cloud-init[943]: ci-info: | Route | Destination | Gateway | Interface | Flags |
[   38.480662] cloud-init[943]: ci-info: +-------+-------------+---------+-----------+-------+
[   38.482995] cloud-init[943]: ci-info: |   0   |  fe80::/64  |    ::   |   enp0s3  |   U   |
[   38.490261] cloud-init[943]: ci-info: |   3   |   ff00::/8  |    ::   |   enp0s3  |   U   |
[   38.497679] cloud-init[943]: ci-info: +-------+-------------+---------+-----------+-------+
[   38.506670] cloud-init[943]: Generating public/private rsa key pair.
[   38.506780] cloud-init[943]: Your identification has been saved in /etc/ssh/ssh_host_rsa_key.
[   38.506829] cloud-init[943]: Your public key has been saved in /etc/ssh/ssh_host_rsa_key.pub.
[   38.506912] cloud-init[943]: The key fingerprint is:
[   38.506960] cloud-init[943]: SHA256:MyMuIIfQnyXBsRxqUyod5uOn3W8UrZ9UmYHSltDjMXg root@ubuntu-xenial
[   38.507651] cloud-init[943]: The key's randomart image is:
[   38.515961] cloud-init[943]: +---[RSA 2048]----+
[   38.519703] cloud-init[943]: |  o.=.  .= o     |
[   38.527447] cloud-init[943]: | = *.+  o E .    |
[   38.528016] cloud-init[943]: |o X + .  * + +   |
[   38.528076] cloud-init[943]: |.= + +  . o +    |
[   38.528164] cloud-init[943]: |o + + . So .     |
[   38.528211] cloud-init[943]: | o = o .o+.      |
[   38.528255] cloud-init[943]: |  . o o. o .     |
[   38.528339] cloud-init[943]: |     . .. o      |
[   38.528388] cloud-init[943]: |       ..        |
[   38.532885] cloud-init[943]: +----[SHA256]-----+
[   38.538747] cloud-init[943]: Generating public/private dsa key pair.
[   38.546653] cloud-init[943]: Your identification has been saved in /etc/ssh/ssh_host_dsa_key.
[   38.558376] cloud-init[943]: Your public key has been saved in /etc/ssh/ssh_host_dsa_key.pub.
[   38.563270] cloud-init[943]: The key fingerprint is:
[   38.574479] cloud-init[943]: SHA256:5AnrHX7D+9a10hEXmDeoYnf7F4W8xqmY6YTPK0LIKyg root@ubuntu-xenial
[   38.585572] cloud-init[[943]: The key's randomart image is:[0;32m  OK  [0m
] Started Message of the Day.
[   38.588316] cloud-init[943]: +---[DSA 1024]----+
[[0;32m  OK  [0m] Started Daily Cleanup of Temporary Directories.
[   38.596408] cloud-init[943]: |              +  |
[[0;32m  OK  [0m] Started ACPI Events Check.
[   38.610406] cloud-init[943]: |             + + |
[   38.618895] cloud-init[943]: |      . .   ....o|
[   38.621650] cloud-init[943]: |       = + o .o.o|
[   38.624330] cloud-init[943]: [|   . .. S o ...o+|[0;32m  OK  [0m
] Reached target Paths.
[   38.628189] cloud-init[943]: |    o..o +   .=o.|
[   38.635241] cloud-init[943]: | .   o. + =+ +o.+|
[   38.635293] cloud-init[943]: |E . . . .=+oo..+.|
[   38.635342] cloud-init[943]: |.  .   . o*+. . .|[
[0;32m  OK  [0m] Listening on D-Bus System Message Bus Socket.
[   38.644455] cloud-init[943]: +----[SHA256]-----+
[   38.651602] cloud-init[943]: Generating public/private ecdsa key pair.
[   38.651688] cloud-init[943]: Your identification has been saved in /etc/ssh/ssh_host_ecdsa_key.
[   38.658833] cloud-init[[943]: [0;32m  OK  [0mYour public key has been saved in /etc/ssh/ssh_host_ecdsa_key.pub.] 
Started Daily apt download activities.
[   38.672068] cloud-init[943]: The key fingerprint is:
[   38.678560] cloud-init[943]: SHA256:DNd9DsL+Z9r/68B1VLxL4XgWm3DXBRqpj9/7MvK2lWA root@ubuntu-xenial
[   38.680035] cloud-init[943]: The key's randomart image is:
[   38.680267] cloud-init[943]: +---[ECDSA 256]---+
[[0;32m  OK  [0m] Started Daily apt upgrade and clean activities.
[   38.690023] cloud-init[943]: |            ...o=|
[   38.700196] cloud-init[943]: |         o ..+ +=|
[   38.706170] cloud-init[943]: |      . . +.+ * O|
         Starting LXD - unix socket.
[   38.712828]          cloud-initStarting Socket activation for snappy daemon.[943]: 
|       + ... = X |
[[0;32m  OK  [0m] Listening on UUID daemon activation socket.
[   38.728000] cloud-init[943]: |        S .o E=.o|
[   38.736371] cloud-init[943]: |          ..+ o.o|
[[0;32m  OK  [0m] Started Ubuntu Advantage update messaging.
[   38.736487] cloud-init[943]: |           ..+o..|
[   38.750645] cloud-init[943]: |            o=*. |
[   38.752605] cloud-init[943]: |            .+*X*|
[   38.752670] cloud-init[[943]: [0;32m  OK  [0m+----[SHA256]-----+] 
Reached target Timers.
[   38.752721] cloud-init[943]: Generating public/private ed25519 key pair.
[   38.763874] cloud-init[943]: Your identification has been saved in /etc/ssh/ssh_host_ed25519_key.
[   38.764750] cloud-init[943]: Your public key has been saved in /etc/ssh/ssh_host_ed25519_key.pub.
[   38.771735] cloud-init[943]: The key fingerprint is:
[   38.774257] cloud-init[943]: SHA256:Q7mJ2pB+Sl7lX5BYb/7arnBxOHzNLSYYrdie+HG00MI root@ubuntu-xenial
[   38.774332] cloud-init[943]: The key's randomart image is:
[   38.774400] cloud-init[943]: +--[ED25519 256]--+
[   38.774465] cloud-init[943]: |                 |
[   38.774542] cloud-init[943]: |         . .     |
[   38.787842] cloud-init[943]: |        o o .    |[
[0;32m  OK  [0m] Listening on ACPID Listen Socket.
[   38.799578] cloud-init[943]: |     . o O O . o.|
[   38.801568] cloud-init[[943]: [0;32m  OK  [0m|    o . S E @ = +|] 
Reached target Cloud-config availability.
[[0;32m  OK  [0m] Reached target Network is Online.
[   38.805036] cloud-init[943]: |   . + o + O O . |
[   38.823121] cloud-init[943]: |    + + o = *    |
[   38.829627] cloud-init[943]: |   o +   o * o   |
[   38.831680] cloud-init         [943]: Starting iSCSI initiator daemon (iscsid)...|    o     o o++  |

[[   38.835249] [0;32m  OK  [0mcloud-init] [943]: Listening on LXD - unix socket.+----[SHA256]-----+

[[0;32m  OK  [0m] Listening on Socket activation for snappy daemon.
[[0;32m  OK  [0m] Reached target Sockets.
[[0;32m  OK  [0m] Reached target Basic System.
[[0;32m  OK  [0m] Started D-Bus System Message Bus.
         Starting Virtualbox guest utils...
         Starting Snap Daemon...
[[0;32m  OK  [0m] Started ACPI event daemon.
[[0;32m  OK  [0m] Started Deferred execution scheduler.
         Starting Accounts Service...
         Starting System Logging Service...
         Starting Pollinate to seed the pseudo random number generator...
         Starting Login Service...
[[0;32m  OK  [0m] Started FUSE filesystem for LXC.
         Starting LSB: Record successful boot for GRUB...
         Starting LSB: MD monitoring daemon...
         Starting /etc/rc.local Compatibility...
[[0;32m  OK  [0m] Started Regular background program processing daemon.
         Starting LXD - container startup/shutdown...
[[0;32m  OK  [0m] Started /etc/rc.local Compatibility.
[[0;32m  OK  [0m] Started LSB: MD monitoring daemon.
[[0;32m  OK  [0m] Started Login Service.
[[0;32m  OK  [0m] Started Unattended Upgrades Shutdown.
[[0;32m  OK  [0m] Started LSB: Record successful boot for GRUB.
[[0;32m  OK  [0m] Started System Logging Service.
[[0;32m  OK  [0m] Started iSCSI initiator daemon (iscsid).
         Starting Login to default iSCSI targets...
[[0;32m  OK  [0m] Started Login to default iSCSI targets.
[[0;32m  OK  [0m] Reached target Remote File Systems (Pre).
[[0;32m  OK  [0m] Reached target Remote File Systems.
         Starting LSB: automatic crash report generation...
         Starting LSB: Set the CPU Frequency Scaling governor to "ondemand"...
         Starting LSB: daemon to balance interrupts for SMP systems...
         Starting Permit User Sessions...
[[0;32m  OK  [0m] Started Permit User Sessions.
         Starting Terminate Plymouth Boot Screen...
         Starting Hold until boot process finishes up...
[[0;32m  OK  [0m] Started LSB: Set the CPU Frequency Scaling governor to "ondemand".
[[0;32m  OK  [0m] Started Terminate Plymouth Boot Screen.
[[0;32m  OK  [0m] Started Hold until boot process finishes up.
[[0;32m  OK  [0m] Started Serial Getty on ttyS0.
[[0;32m  OK  [0m] Started Getty on tty1.
[[0;32m  OK  [0m] Reached target Login Prompts.
         Starting Set console scheme...
[[0;32m  OK  [0m] Started LSB: automatic crash report generation.
[[0;32m  OK  [0m] Started Set console scheme.
[[0;32m  OK  [0m] Started LSB: daemon to balance interrupts for SMP systems.
         Starting Authenticate and Authorize Users to Run Privileged Tasks...
[[0;32m  OK  [0m] Started Virtualbox guest utils.
[[0;32m  OK  [0m] Started Authenticate and Authorize Users to Run Privileged Tasks.
[[0;32m  OK  [0m] Started Accounts Service.
[[0;32m  OK  [0m] Started Pollinate to seed the pseudo random number generator.
         Starting OpenBSD Secure Shell server...
[[0;32m  OK  [0m] Started LXD - container startup/shutdown.
[[0;32m  OK  [0m] Started OpenBSD Secure Shell server.
[[0;32m  OK  [0m] Started Snap Daemon.
         Starting Wait until snapd is fully seeded...
[[0;32m  OK  [0m] Created slice User Slice of vagrant.
         Starting User Manager for UID 1000...
[[0;32m  OK  [0m] Started Session 1 of user vagrant.
[[0;32m  OK  [0m] Started User Manager for UID 1000.

Ubuntu 16.04.7 LTS ubuntu-xenial ttyS0

ubuntu-xenial login: [   49.385399] cloud-init[1427]: Generating locales (this might take a while)...
[   51.713068] cloud-init[1427]:   en_US.UTF-8... done
[   51.719185] cloud-init[1427]: Generation complete.
[   53.237251] cloud-init[1427]: Cloud-init v. 21.1-19-gbad84ad4-0ubuntu1~16.04.2 running 'modules:config' at Thu, 14 Jul 2022 01:14:28 +0000. Up 48.88 seconds.
ci-info: no authorized SSH keys fingerprints found for user ubuntu.
<14>Jul 14 01:14:33 ec2: 
<14>Jul 14 01:14:33 ec2: #############################################################
<14>Jul 14 01:14:33 ec2: -----BEGIN SSH HOST KEY FINGERPRINTS-----
<14>Jul 14 01:14:33 ec2: 1024 SHA256:5AnrHX7D+9a10hEXmDeoYnf7F4W8xqmY6YTPK0LIKyg root@ubuntu-xenial (DSA)
<14>Jul 14 01:14:33 ec2: 256 SHA256:DNd9DsL+Z9r/68B1VLxL4XgWm3DXBRqpj9/7MvK2lWA root@ubuntu-xenial (ECDSA)
<14>Jul 14 01:14:33 ec2: 256 SHA256:Q7mJ2pB+Sl7lX5BYb/7arnBxOHzNLSYYrdie+HG00MI root@ubuntu-xenial (ED25519)
<14>Jul 14 01:14:33 ec2: 2048 SHA256:MyMuIIfQnyXBsRxqUyod5uOn3W8UrZ9UmYHSltDjMXg root@ubuntu-xenial (RSA)
<14>Jul 14 01:14:33 ec2: -----END SSH HOST KEY FINGERPRINTS-----
<14>Jul 14 01:14:33 ec2: #############################################################
-----BEGIN SSH HOST KEY KEYS-----
ecdsa-sha2-nistp256 AAAAE2VjZHNhLXNoYTItbmlzdHAyNTYAAAAIbmlzdHAyNTYAAABBBOATgIWq9cK7/ROiZzuTd5mUnV7Hy6X8aiBMM0SN+KGZQAMMxW0BH5qFn0mFhhVYAN6KyJZslfAJMWLweFWh2wI= root@ubuntu-xenial
ssh-ed25519 AAAAC3NzaC1lZDI1NTE5AAAAILZg2lbW8znWb5RCCV7oJFjzZQTHmInkCGYL7YiVPDce root@ubuntu-xenial
ssh-rsa AAAAB3NzaC1yc2EAAAADAQABAAABAQC83TsiO8roYI6Co2G46eVCxwrKBk9q+XUcoo0rKQ5sHqoov9XxYk0x4Ah89Eki4SoPmXqKd/ww3WUOGz0BNx6ZlPaMB95EJI3hdxk5Zef2jIaOtH4EdeyfKFgJxTKnvoZbK5bsXDGkswUlzvhV8Gn5KYhUH3cJOWCV16LbEhOYKCyICifyovl2iRN8venDTHX5KsefTzwWNjGfYrJcDfUwRYiopVWjkPmxhEI+54fTBDAp1L+KP3evNbSRpq4iEgBbJm4G01UBTjxjEXpGHrJ5vfLbEWInPdqPZUID/52pzK8rIKjb1Q/Q1BN30wL/Dcw8SRi/uirmnLsJWgek60xl root@ubuntu-xenial
-----END SSH HOST KEY KEYS-----
[   54.137211] cloud-init[1634]: Cloud-init v. 21.1-19-gbad84ad4-0ubuntu1~16.04.2 running 'modules:final' at Thu, 14 Jul 2022 01:14:33 +0000. Up 53.67 seconds.
[   54.137743] cloud-init[1634]: ci-info: no authorized SSH keys fingerprints found for user ubuntu.
[   54.138092] cloud-init[1634]: Cloud-init v. 21.1-19-gbad84ad4-0ubuntu1~16.04.2 finished at Thu, 14 Jul 2022 01:14:33 +0000. Datasource DataSourceNoCloud [seed=/dev/sdb][dsmode=net].  Up 54.09 seconds
[[0;32m  OK  [0m] Stopped target Graphical Interface.
         Stopping Accounts Service...
         Stopping User Manager for UID 1000...
[[0;32m  OK  [0m] Closed Load/Save RF Kill Switch Status /dev/rfkill Watch.
[[0;32m  OK  [0m] Stopped target Cloud-init target.
[[0;32m  OK  [0m] Stopped Execute cloud user/final scripts.
[[0;32m  OK  [0m] Stopped Apply the settings specified in cloud-config.
[[0;32m  OK  [0m] Stopped target Cloud-config availability.
         Stopping Session 5 of user vagrant.
[[0;32m  OK  [0m] Stopped target Timers.
[[0;32m  OK  [0m] Stopped Ubuntu Advantage update messaging.
[[0;32m  OK  [0m] Stopped Message of the Day.
[[0;32m  OK  [0m] Stopped Daily Cleanup of Temporary Directories.
         Stopping Session 9 of user vagrant.
         Stopping ACPI event daemon...
[[0;32m  OK  [0m] Stopped Daily apt upgrade and clean activities.
[[0;32m  OK  [0m] Stopped Daily apt download activities.
[[0;32m  OK  [0m] Stopped target System Time Synchronized.
         Stopping Authenticate and Authorize Users to Run Privileged Tasks...
[[0;32m  OK  [0m] Stopped target Multi-User System.
         Stopping LXD - container startup/shutdown...
[[0;32m  OK  [0m] Stopped Wait until snapd is fully seeded.
         Stopping System Logging Service...
         Stopping LSB: daemon to balance interrupts for SMP systems...
         Stopping FUSE filesystem for LXC...
         Stopping LSB: automatic crash report generation...
         Stopping LSB: Record successful boot for GRUB...
         Stopping vboxadd-service.service...
         Stopping LSB: MD monitoring daemon...
         Stopping Regular background program processing daemon...
         Stopping Deferred execution scheduler...
         Stopping D-Bus System Message Bus...
[[0;32m  OK  [0m] Stopped target Login Prompts.
         Stopping Serial Getty on ttyS0...
         Stopping Getty on tty1...
         Stopping OpenBSD Secure Shell server...
         Stopping LSB: Set the CPU Frequency Scaling governor to "ondemand"...
[[0;32m  OK  [0m] Stopped Deferred execution scheduler.
[[0;32m  OK  [0m] Stopped Accounts Service.
[[0;32m  OK  [0m] Stopped Regular background program processing daemon.
[[0;32m  OK  [0m] Stopped Serial Getty on ttyS0.
[[0;32m  OK  [0m] Stopped Getty on tty1.
[[0;32m  OK  [0m] Stopped System Logging Service.
[[0;32m  OK  [0m] Stopped Authenticate and Authorize Users to Run Privileged Tasks.
[[0;32m  OK  [0m] Stopped OpenBSD Secure Shell server.
[[0;32m  OK  [0m] Stopped ACPI event daemon.
[[0;32m  OK  [0m] Stopped User Manager for UID 1000.
[[0;32m  OK  [0m] Stopped D-Bus System Message Bus.
[[0;32m  OK  [0m] Stopped Session 9 of user vagrant.
[[0;32m  OK  [0m] Stopped Session 5 of user vagrant.
[[0;32m  OK  [0m] Stopped vboxadd-service.service.
[[0;32m  OK  [0m] Unmounted /var/lib/lxcfs.
[[0;32m  OK  [0m] Stopped FUSE filesystem for LXC.
[[0;32m  OK  [0m] Stopped User Manager for UID 1000.
         Stopping vboxadd.service...
[[0;32m  OK  [0m] Removed slice User Slice of vagrant.
         Stopping Login Service...
[[0;32m  OK  [0m] Removed slice system-getty.slice.
[[0;32m  OK  [0m] Stopped /etc/rc.local Compatibility.
         Stopping Permit User Sessions...
[[0;32m  OK  [0m] Removed slice system-serial\x2dgetty.slice.
[[0;32m  OK  [0m] Stopped LXD - container startup/shutdown.
[[0;32m  OK  [0m] Stopped LSB: daemon to balance interrupts for SMP systems.
[[0;32m  OK  [0m] Stopped LSB: automatic crash report generation.
[[0;32m  OK  [0m] Stopped LSB: Record successful boot for GRUB.
[[0;32m  OK  [0m] Stopped LSB: MD monitoring daemon.
[[0;32m  OK  [0m] Stopped LSB: Set the CPU Frequency Scaling governor to "ondemand".
[[0;32m  OK  [0m] Stopped vboxadd.service.
[[0;32m  OK  [0m] Stopped Permit User Sessions.
[[0;32m  OK  [0m] Stopped Login Service.
[[0;32m  OK  [0m] Stopped target User and Group Name Lookups.
[[0;32m  OK  [0m] Stopped target Remote File Systems.
[[0;32m  OK  [0m] Stopped target Remote File Systems (Pre).
         Stopping Login to default iSCSI targets...
[[0;32m  OK  [0m] Stopped target Basic System.
[[0;32m  OK  [0m] Stopped target Slices.
[[0;32m  OK  [0m] Removed slice User and Session Slice.
[[0;32m  OK  [0m] Stopped target Sockets.
[[0;32m  OK  [0m] Closed D-Bus System Message Bus Socket.
[[0;32m  OK  [0m] Closed UUID daemon activation socket.
[[0;32m  OK  [0m] Closed ACPID Listen Socket.
[[0;32m  OK  [0m] Closed LXD - unix socket.
[[0;32m  OK  [0m] Closed Socket activation for snappy daemon.
[[0;32m  OK  [0m] Closed Syslog Socket.
[[0;32m  OK  [0m] Stopped target Paths.
[[0;32m  OK  [0m] Stopped Dispatch Password Requests to Console Directory Watch.
[[0;32m  OK  [0m] Stopped ACPI Events Check.
[[0;32m  OK  [0m] Stopped Forward Password Requests to Wall Directory Watch.
[[0;32m  OK  [0m] Stopped target System Initialization.
         Stopping Update UTMP about System Boot/Shutdown...
[[0;32m  OK  [0m] Stopped Commit a transient machine-id on disk.
         Stopping Load/Save Random Seed...
[[0;32m  OK  [0m] Stopped target Swap.
[[0;32m  OK  [0m] Stopped target Encrypted Volumes.
[[0;32m  OK  [0m] Stopped Load/Save Random Seed.
[[0;32m  OK  [0m] Stopped Update UTMP about System Boot/Shutdown.
[[0;32m  OK  [0m] Stopped Create Volatile Files and Directories.
[[0;32m  OK  [0m] Stopped Login to default iSCSI targets.
         Stopping iSCSI initiator daemon (iscsid)...
[[0;32m  OK  [0m] Stopped iSCSI initiator daemon (iscsid).
[[0;32m  OK  [0m] Stopped target Network is Online.
[[0;32m  OK  [0m] Stopped target Network.
[[0;32m  OK  [0m] Stopped Initial cloud-init job (metadata service crawler).
         Stopping Raise network interfaces...
[[0;32m  OK  [0m] Stopped Raise network interfaces.
[[0;32m  OK  [0m] Stopped target Local File Systems.
         Unmounting /sys/kernel/debug/tracing...
         Unmounting /run/user/1000...
[[0;32m  OK  [0m] Stopped target Network (Pre).
[[0;32m  OK  [0m] Stopped Initial cloud-init job (pre-networking).
[[0;32m  OK  [0m] Stopped Apply Kernel Variables.
[[0;32m  OK  [0m] Stopped Load Kernel Modules.
[[0;32m  OK  [0m] Unmounted /sys/kernel/debug/tracing.
[[0;32m  OK  [0m] Unmounted /run/user/1000.
[[0;32m  OK  [0m] Reached target Unmount All Filesystems.
[[0;32m  OK  [0m] Stopped target Local File Systems (Pre).
         Stopping Monitoring of LVM2 mirrors... dmeventd or progress polling...
[[0;32m  OK  [0m] Stopped Remount Root and Kernel File Systems.
[[0;32m  OK  [0m] Stopped Create Static Device Nodes in /dev.
[[0;32m  OK  [0m] Reached target Shutdown.
[ 5987.705346] reboot: Power down
